Archive member included to satisfy reference by file (symbol)

C:/ST/STM32CubeIDE_2.1.1/STM32CubeIDE/plugins/com.st.stm32cube.ide.mcu.externaltools.gnu-tools-for-stm32.14.3.rel1.win32_1.0.100.202602081740/tools/bin/../lib/gcc/arm-none-eabi/14.3.1/../../../../arm-none-eabi/lib/thumb/v7e-m+fp/hard\libc_nano.a(libc_a-exit.o)
                              C:/ST/STM32CubeIDE_2.1.1/STM32CubeIDE/plugins/com.st.stm32cube.ide.mcu.externaltools.gnu-tools-for-stm32.14.3.rel1.win32_1.0.100.202602081740/tools/bin/../lib/gcc/arm-none-eabi/14.3.1/../../../../arm-none-eabi/lib/thumb/v7e-m+fp/hard/crt0.o (exit)
C:/ST/STM32CubeIDE_2.1.1/STM32CubeIDE/plugins/com.st.stm32cube.ide.mcu.externaltools.gnu-tools-for-stm32.14.3.rel1.win32_1.0.100.202602081740/tools/bin/../lib/gcc/arm-none-eabi/14.3.1/../../../../arm-none-eabi/lib/thumb/v7e-m+fp/hard\libc_nano.a(libc_a-findfp.o)
                              C:/ST/STM32CubeIDE_2.1.1/STM32CubeIDE/plugins/com.st.stm32cube.ide.mcu.externaltools.gnu-tools-for-stm32.14.3.rel1.win32_1.0.100.202602081740/tools/bin/../lib/gcc/arm-none-eabi/14.3.1/../../../../arm-none-eabi/lib/thumb/v7e-m+fp/hard\libc_nano.a(libc_a-exit.o) (__stdio_exit_handler)
C:/ST/STM32CubeIDE_2.1.1/STM32CubeIDE/plugins/com.st.stm32cube.ide.mcu.externaltools.gnu-tools-for-stm32.14.3.rel1.win32_1.0.100.202602081740/tools/bin/../lib/gcc/arm-none-eabi/14.3.1/../../../../arm-none-eabi/lib/thumb/v7e-m+fp/hard\libc_nano.a(libc_a-fwalk.o)
                              C:/ST/STM32CubeIDE_2.1.1/STM32CubeIDE/plugins/com.st.stm32cube.ide.mcu.externaltools.gnu-tools-for-stm32.14.3.rel1.win32_1.0.100.202602081740/tools/bin/../lib/gcc/arm-none-eabi/14.3.1/../../../../arm-none-eabi/lib/thumb/v7e-m+fp/hard\libc_nano.a(libc_a-findfp.o) (_fwalk_sglue)
C:/ST/STM32CubeIDE_2.1.1/STM32CubeIDE/plugins/com.st.stm32cube.ide.mcu.externaltools.gnu-tools-for-stm32.14.3.rel1.win32_1.0.100.202602081740/tools/bin/../lib/gcc/arm-none-eabi/14.3.1/../../../../arm-none-eabi/lib/thumb/v7e-m+fp/hard\libc_nano.a(libc_a-stdio.o)
                              C:/ST/STM32CubeIDE_2.1.1/STM32CubeIDE/plugins/com.st.stm32cube.ide.mcu.externaltools.gnu-tools-for-stm32.14.3.rel1.win32_1.0.100.202602081740/tools/bin/../lib/gcc/arm-none-eabi/14.3.1/../../../../arm-none-eabi/lib/thumb/v7e-m+fp/hard\libc_nano.a(libc_a-findfp.o) (__sread)
C:/ST/STM32CubeIDE_2.1.1/STM32CubeIDE/plugins/com.st.stm32cube.ide.mcu.externaltools.gnu-tools-for-stm32.14.3.rel1.win32_1.0.100.202602081740/tools/bin/../lib/gcc/arm-none-eabi/14.3.1/../../../../arm-none-eabi/lib/thumb/v7e-m+fp/hard\libc_nano.a(libc_a-memset.o)
                              C:/ST/STM32CubeIDE_2.1.1/STM32CubeIDE/plugins/com.st.stm32cube.ide.mcu.externaltools.gnu-tools-for-stm32.14.3.rel1.win32_1.0.100.202602081740/tools/bin/../lib/gcc/arm-none-eabi/14.3.1/../../../../arm-none-eabi/lib/thumb/v7e-m+fp/hard/crt0.o (memset)
C:/ST/STM32CubeIDE_2.1.1/STM32CubeIDE/plugins/com.st.stm32cube.ide.mcu.externaltools.gnu-tools-for-stm32.14.3.rel1.win32_1.0.100.202602081740/tools/bin/../lib/gcc/arm-none-eabi/14.3.1/../../../../arm-none-eabi/lib/thumb/v7e-m+fp/hard\libc_nano.a(libc_a-closer.o)
                              C:/ST/STM32CubeIDE_2.1.1/STM32CubeIDE/plugins/com.st.stm32cube.ide.mcu.externaltools.gnu-tools-for-stm32.14.3.rel1.win32_1.0.100.202602081740/tools/bin/../lib/gcc/arm-none-eabi/14.3.1/../../../../arm-none-eabi/lib/thumb/v7e-m+fp/hard\libc_nano.a(libc_a-stdio.o) (_close_r)
C:/ST/STM32CubeIDE_2.1.1/STM32CubeIDE/plugins/com.st.stm32cube.ide.mcu.externaltools.gnu-tools-for-stm32.14.3.rel1.win32_1.0.100.202602081740/tools/bin/../lib/gcc/arm-none-eabi/14.3.1/../../../../arm-none-eabi/lib/thumb/v7e-m+fp/hard\libc_nano.a(libc_a-reent.o)
                              C:/ST/STM32CubeIDE_2.1.1/STM32CubeIDE/plugins/com.st.stm32cube.ide.mcu.externaltools.gnu-tools-for-stm32.14.3.rel1.win32_1.0.100.202602081740/tools/bin/../lib/gcc/arm-none-eabi/14.3.1/../../../../arm-none-eabi/lib/thumb/v7e-m+fp/hard\libc_nano.a(libc_a-closer.o) (errno)
C:/ST/STM32CubeIDE_2.1.1/STM32CubeIDE/plugins/com.st.stm32cube.ide.mcu.externaltools.gnu-tools-for-stm32.14.3.rel1.win32_1.0.100.202602081740/tools/bin/../lib/gcc/arm-none-eabi/14.3.1/../../../../arm-none-eabi/lib/thumb/v7e-m+fp/hard\libc_nano.a(libc_a-impure.o)
                              C:/ST/STM32CubeIDE_2.1.1/STM32CubeIDE/plugins/com.st.stm32cube.ide.mcu.externaltools.gnu-tools-for-stm32.14.3.rel1.win32_1.0.100.202602081740/tools/bin/../lib/gcc/arm-none-eabi/14.3.1/../../../../arm-none-eabi/lib/thumb/v7e-m+fp/hard\libc_nano.a(libc_a-reent.o) (_impure_ptr)
C:/ST/STM32CubeIDE_2.1.1/STM32CubeIDE/plugins/com.st.stm32cube.ide.mcu.externaltools.gnu-tools-for-stm32.14.3.rel1.win32_1.0.100.202602081740/tools/bin/../lib/gcc/arm-none-eabi/14.3.1/../../../../arm-none-eabi/lib/thumb/v7e-m+fp/hard\libc_nano.a(libc_a-lseekr.o)
[...]
Memory Configuration

Name             Origin             Length             Attributes
CCMRAM           0x10000000         0x00010000         xrw
RAM              0x20000000         0x00020000         xrw
FLASH            0x08000000         0x00100000         xr
*default*        0x00000000         0xffffffff

Linker script and memory map

LOAD C:/ST/STM32CubeIDE_2.1.1/STM32CubeIDE/plugins/com.st.stm32cube.ide.mcu.externaltools.gnu-tools-for-stm32.14.3.rel1.win32_1.0.100.202602081740/tools/bin/../lib/gcc/arm-none-eabi/14.3.1/thumb/v7e-m+fp/hard/crti.o
LOAD C:/ST/STM32CubeIDE_2.1.1/STM32CubeIDE/plugins/com.st.stm32cube.ide.mcu.externaltools.gnu-tools-for-stm32.14.3.rel1.win32_1.0.100.202602081740/tools/bin/../lib/gcc/arm-none-eabi/14.3.1/thumb/v7e-m+fp/hard/crtbegin.o
LOAD C:/ST/STM32CubeIDE_2.1.1/STM32CubeIDE/plugins/com.st.stm32cube.ide.mcu.externaltools.gnu-tools-for-stm32.14.3.rel1.win32_1.0.100.202602081740/tools/bin/../lib/gcc/arm-none-eabi/14.3.1/../../../../arm-none-eabi/lib/thumb/v7e-m+fp/hard/crt0.o
LOAD ./Src/FreeRTOS_Build.o
LOAD ./Src/Sensor_Interface.o
LOAD ./Src/USART.o
LOAD ./Src/display_driver.o
LOAD ./Src/main.o
LOAD ./Src/syscalls.o
LOAD ./Src/sysmem.o
LOAD ./Startup/startup_stm32f407vgtx.o
START GROUP
LOAD C:/ST/STM32CubeIDE_2.1.1/STM32CubeIDE/plugins/com.st.stm32cube.ide.mcu.externaltools.gnu-tools-for-stm32.14.3.rel1.win32_1.0.100.202602081740/tools/bin/../lib/gcc/arm-none-eabi/14.3.1/../../../../arm-none-eabi/lib/thumb/v7e-m+fp/hard\libc_nano.a
LOAD C:/ST/STM32CubeIDE_2.1.1/STM32CubeIDE/plugins/com.st.stm32cube.ide.mcu.externaltools.gnu-tools-for-stm32.14.3.rel1.win32_1.0.100.202602081740/tools/bin/../lib/gcc/arm-none-eabi/14.3.1/../../../../arm-none-eabi/lib/thumb/v7e-m+fp/hard\libm.a
END GROUP
START GROUP
LOAD C:/ST/STM32CubeIDE_2.1.1/STM32CubeIDE/plugins/com.st.stm32cube.ide.mcu.externaltools.gnu-tools-for-stm32.14.3.rel1.win32_1.0.100.202602081740/tools/bin/../lib/gcc/arm-none-eabi/14.3.1/thumb/v7e-m+fp/hard\libgcc.a
LOAD C:/ST/STM32CubeIDE_2.1.1/STM32CubeIDE/plugins/com.st.stm32cube.ide.mcu.externaltools.gnu-tools-for-stm32.14.3.rel1.win32_1.0.100.202602081740/tools/bin/../lib/gcc/arm-none-eabi/14.3.1/../../../../arm-none-eabi/lib/thumb/v7e-m+fp/hard\libc_nano.a
END GROUP
START GROUP
LOAD C:/ST/STM32CubeIDE_2.1.1/STM32CubeIDE/plugins/com.st.stm32cube.ide.mcu.externaltools.gnu-tools-for-stm32.14.3.rel1.win32_1.0.100.202602081740/tools/bin/../lib/gcc/arm-none-eabi/14.3.1/thumb/v7e-m+fp/hard\libgcc.a
LOAD C:/ST/STM32CubeIDE_2.1.1/STM32CubeIDE/plugins/com.st.stm32cube.ide.mcu.externaltools.gnu-tools-for-stm32.14.3.rel1.win32_1.0.100.202602081740/tools/bin/../lib/gcc/arm-none-eabi/14.3.1/../../../../arm-none-eabi/lib/thumb/v7e-m+fp/hard\libc_nano.a
LOAD C:/ST/STM32CubeIDE_2.1.1/STM32CubeIDE/plugins/com.st.stm32cube.ide.mcu.externaltools.gnu-tools-for-stm32.14.3.rel1.win32_1.0.100.202602081740/tools/bin/../lib/gcc/arm-none-eabi/14.3.1/../../../../arm-none-eabi/lib/thumb/v7e-m+fp/hard\libnosys.a
END GROUP
START GROUP
LOAD C:/ST/STM32CubeIDE_2.1.1/STM32CubeIDE/plugins/com.st.stm32cube.ide.mcu.externaltools.gnu-tools-for-stm32.14.3.rel1.win32_1.0.100.202602081740/tools/bin/../lib/gcc/arm-none-eabi/14.3.1/thumb/v7e-m+fp/hard\libgcc.a
LOAD C:/ST/STM32CubeIDE_2.1.1/STM32CubeIDE/plugins/com.st.stm32cube.ide.mcu.externaltools.gnu-tools-for-stm32.14.3.rel1.win32_1.0.100.202602081740/tools/bin/../lib/gcc/arm-none-eabi/14.3.1/../../../../arm-none-eabi/lib/thumb/v7e-m+fp/hard\libc_nano.a
LOAD C:/ST/STM32CubeIDE_2.1.1/STM32CubeIDE/plugins/com.st.stm32cube.ide.mcu.externaltools.gnu-tools-for-stm32.14.3.rel1.win32_1.0.100.202602081740/tools/bin/../lib/gcc/arm-none-eabi/14.3.1/../../../../arm-none-eabi/lib/thumb/v7e-m+fp/hard\libnosys.a
END GROUP
LOAD C:/ST/STM32CubeIDE_2.1.1/STM32CubeIDE/plugins/com.st.stm32cube.ide.mcu.externaltools.gnu-tools-for-stm32.14.3.rel1.win32_1.0.100.202602081740/tools/bin/../lib/gcc/arm-none-eabi/14.3.1/thumb/v7e-m+fp/hard/crtend.o
LOAD C:/ST/STM32CubeIDE_2.1.1/STM32CubeIDE/plugins/com.st.stm32cube.ide.mcu.externaltools.gnu-tools-for-stm32.14.3.rel1.win32_1.0.100.202602081740/tools/bin/../lib/gcc/arm-none-eabi/14.3.1/thumb/v7e-m+fp/hard/crtn.o
                0x20020000                        _estack = (ORIGIN (RAM) + LENGTH (RAM))
                0x00000200                        _Min_Heap_Size = 0x200
                0x00000400                        _Min_Stack_Size = 0x400

.isr_vector     0x08000000      0x188
                0x08000000                        . = ALIGN (0x4)
 *(.isr_vector)
 .isr_vector    0x08000000      0x188 ./Startup/startup_stm32f407vgtx.o
                0x08000000                g_pfnVectors
                0x08000188                        . = ALIGN (0x4)

.text           0x08000188     0x2758
                0x08000188                        . = ALIGN (0x4)
 *(.text)
 .text          0x08000188       0x40 C:/ST/STM32CubeIDE_2.1.1/STM32CubeIDE/plugins/com.st.stm32cube.ide.mcu.externaltools.gnu-tools-for-stm32.14.3.rel1.win32_1.0.100.202602081740/tools/bin/../lib/gcc/arm-none-eabi/14.3.1/thumb/v7e-m+fp/hard/crtbegin.o
 *(.text*)
 .text.vListInitialise
                0x080001c8       0x40 ./Src/FreeRTOS_Build.o
                0x080001c8                vListInitialise
 .text.vListInitialiseItem
                0x08000208       0x1a ./Src/FreeRTOS_Build.o
                0x08000208                vListInitialiseItem
 .text.vListInsert
                0x08000222       0x72 ./Src/FreeRTOS_Build.o
                0x08000222                vListInsert
 .text.uxListRemove
                0x08000294       0x54 ./Src/FreeRTOS_Build.o
                0x08000294                uxListRemove
 .text.xQueueGenericReset
                0x080002e8       0xe8 ./Src/FreeRTOS_Build.o
                0x080002e8                xQueueGenericReset
 .text.xQueueGenericCreate
                0x080003d0       0x7e ./Src/FreeRTOS_Build.o
                0x080003d0                xQueueGenericCreate
 .text.prvInitialiseNewQueue
                0x0800044e       0x3e ./Src/FreeRTOS_Build.o
 .text.prvInitialiseMutex
                0x0800048c       0x34 ./Src/FreeRTOS_Build.o
 .text.xQueueCreateMutex
                0x080004c0       0x30 ./Src/FreeRTOS_Build.o
                0x080004c0                xQueueCreateMutex
 .text.xQueueGenericSend
                0x080004f0      0x154 ./Src/FreeRTOS_Build.o
                0x080004f0                xQueueGenericSend
 .text.xQueueReceive
                0x08000644      0x144 ./Src/FreeRTOS_Build.o
                0x08000644                xQueueReceive
 .text.xQueueSemaphoreTake
                0x08000788      0x190 ./Src/FreeRTOS_Build.o
                0x08000788                xQueueSemaphoreTake
 .text.prvGetHighestPriorityOfWaitToReceiveList
                0x08000918       0x30 ./Src/FreeRTOS_Build.o
 .text.prvCopyDataToQueue
                0x08000948       0xd4 ./Src/FreeRTOS_Build.o
 .text.prvCopyDataFromQueue
                0x08000a1c       0x4c ./Src/FreeRTOS_Build.o
 .text.prvUnlockQueue
                0x08000a68       0xa4 ./Src/FreeRTOS_Build.o
 .text.prvIsQueueEmpty
                0x08000b0c       0x2c ./Src/FreeRTOS_Build.o
 .text.prvIsQueueFull
                0x08000b38       0x30 ./Src/FreeRTOS_Build.o
 .text.prvCreateTask
                0x08000b68       0x78 ./Src/FreeRTOS_Build.o
 .text.xTaskCreate
                0x08000be0       0x46 ./Src/FreeRTOS_Build.o
                0x08000be0                xTaskCreate
 .text.prvInitialiseNewTask
                0x08000c26       0xd0 ./Src/FreeRTOS_Build.o
 *fill*         0x08000cf6        0x2 
 .text.prvAddNewTaskToReadyList
                0x08000cf8      0x128 ./Src/FreeRTOS_Build.o
 .text.vTaskDelay
                0x08000e20       0x48 ./Src/FreeRTOS_Build.o
                0x08000e20                vTaskDelay
 .text.prvCreateIdleTasks
                0x08000e68       0xac ./Src/FreeRTOS_Build.o
 .text.vTaskStartScheduler
                0x08000f14       0x5c ./Src/FreeRTOS_Build.o
                0x08000f14                vTaskStartScheduler
 .text.vTaskSuspendAll
                0x08000f70       0x1c ./Src/FreeRTOS_Build.o
                0x08000f70                vTaskSuspendAll
 .text.xTaskResumeAll
                0x08000f8c      0x1f0 ./Src/FreeRTOS_Build.o
                0x08000f8c                xTaskResumeAll
 .text.xTaskGetTickCount
                0x0800117c       0x20 ./Src/FreeRTOS_Build.o
                0x0800117c                xTaskGetTickCount
 .text.xTaskIncrementTick
                0x0800119c      0x210 ./Src/FreeRTOS_Build.o
                0x0800119c                xTaskIncrementTick
 .text.vTaskSwitchContext
                0x080013ac       0x90 ./Src/FreeRTOS_Build.o
                0x080013ac                vTaskSwitchContext
 .text.vTaskPlaceOnEventList
                0x0800143c       0x2c ./Src/FreeRTOS_Build.o
                0x0800143c                vTaskPlaceOnEventList
 .text.xTaskRemoveFromEventList
                0x08001468      0x194 ./Src/FreeRTOS_Build.o
                0x08001468                xTaskRemoveFromEventList
 .text.vTaskInternalSetTimeOutState
                0x080015fc       0x2c ./Src/FreeRTOS_Build.o
                0x080015fc                vTaskInternalSetTimeOutState
 .text.xTaskCheckForTimeOut
                0x08001628       0x84 ./Src/FreeRTOS_Build.o
                0x08001628                xTaskCheckForTimeOut
 .text.vTaskMissedYield
                0x080016ac       0x18 ./Src/FreeRTOS_Build.o
                0x080016ac                vTaskMissedYield
 .text.prvIdleTask
                0x080016c4       0x30 ./Src/FreeRTOS_Build.o
 .text.prvInitialiseTaskLists
                0x080016f4       0x6c ./Src/FreeRTOS_Build.o
 .text.prvCheckTasksWaitingTermination
                0x08001760        0xe ./Src/FreeRTOS_Build.o
 *fill*         0x0800176e        0x2 
 .text.prvResetNextTaskUnblockTime
                0x08001770       0x38 ./Src/FreeRTOS_Build.o
 .text.xTaskPriorityInherit
                0x080017a8      0x140 ./Src/FreeRTOS_Build.o
                0x080017a8                xTaskPriorityInherit
 .text.xTaskPriorityDisinherit
                0x080018e8      0x108 ./Src/FreeRTOS_Build.o
                0x080018e8                xTaskPriorityDisinherit
 .text.vTaskPriorityDisinheritAfterTimeout
                0x080019f0      0x130 ./Src/FreeRTOS_Build.o
                0x080019f0                vTaskPriorityDisinheritAfterTimeout
 .text.pvTaskIncrementMutexHeldCount
                0x08001b20       0x30 ./Src/FreeRTOS_Build.o
                0x08001b20                pvTaskIncrementMutexHeldCount
 .text.prvAddCurrentTaskToDelayedList
                0x08001b50       0xac ./Src/FreeRTOS_Build.o
 .text.pxPortInitialiseStack
                0x08001bfc       0x5c ./Src/FreeRTOS_Build.o
                0x08001bfc                pxPortInitialiseStack
 .text.prvTaskExitError
                0x08001c58       0x34 ./Src/FreeRTOS_Build.o
 .text.SVC_Handler
                0x08001c8c       0x28 ./Src/FreeRTOS_Build.o
                0x08001c8c                SVC_Handler
 .text.prvPortStartFirstTask
                0x08001cb4       0x24 ./Src/FreeRTOS_Build.o
 .text.xPortStartScheduler
                0x08001cd8       0x5c ./Src/FreeRTOS_Build.o
                0x08001cd8                xPortStartScheduler
 .text.vPortEnterCritical
                0x08001d34       0x34 ./Src/FreeRTOS_Build.o
                0x08001d34                vPortEnterCritical
 .text.vPortExitCritical
                0x08001d68       0x34 ./Src/FreeRTOS_Build.o
                0x08001d68                vPortExitCritical
 .text.PendSV_Handler
                0x08001d9c       0x48 ./Src/FreeRTOS_Build.o
                0x08001d9c                PendSV_Handler
 .text.SysTick_Handler
                0x08001de4       0x44 ./Src/FreeRTOS_Build.o
                0x08001de4                SysTick_Handler
 .text.vPortSetupTimerInterrupt
                0x08001e28       0x34 ./Src/FreeRTOS_Build.o
                0x08001e28                vPortSetupTimerInterrupt
 .text.pvPortMalloc
                0x08001e5c      0x164 ./Src/FreeRTOS_Build.o
                0x08001e5c                pvPortMalloc
 .text.vPortFree
                0x08001fc0       0x74 ./Src/FreeRTOS_Build.o
                0x08001fc0                vPortFree
 .text.prvHeapInit
                0x08002034       0xb4 ./Src/FreeRTOS_Build.o
 .text.prvInsertBlockIntoFreeList
                0x080020e8       0xb4 ./Src/FreeRTOS_Build.o
 .text.BSP_Timer_init
                0x0800219c       0x2c ./Src/Sensor_Interface.o
                0x0800219c                BSP_Timer_init
 .text.BSP_getTick
                0x080021c8        0xe ./Src/Sensor_Interface.o
                0x080021c8                BSP_getTick
 .text.BSP_Delay_ms
                0x080021d6       0x2c ./Src/Sensor_Interface.o
                0x080021d6                BSP_Delay_ms
 *fill*         0x08002202        0x2 
 .text.BSP_init
                0x08002204       0x2c ./Src/Sensor_Interface.o
                0x08002204                BSP_init
 .text.BSP_DTH11_start
                0x08002230       0x44 ./Src/Sensor_Interface.o
                0x08002230                BSP_DTH11_start
 .text.BSP_TIM2ENABLE
                0x08002274       0x40 ./Src/Sensor_Interface.o
                0x08002274                BSP_TIM2ENABLE
 .text.BSP_getMicros
                0x080022b4       0x14 ./Src/Sensor_Interface.o
                0x080022b4                BSP_getMicros
 .text.BSP_DTH11_Response
                0x080022c8       0x88 ./Src/Sensor_Interface.o
                0x080022c8                BSP_DTH11_Response
 .text.BSP_DTH11_ReadBit
                0x08002350       0x7c ./Src/Sensor_Interface.o
                0x08002350                BSP_DTH11_ReadBit
 .text.BSP_DTH11_ReadData
                0x080023cc       0xd6 ./Src/Sensor_Interface.o
                0x080023cc                BSP_DTH11_ReadData
 *fill*         0x080024a2        0x2 
 .text.BSP_USART2_init
                0x080024a4       0x7c ./Src/USART.o
                0x080024a4                BSP_USART2_init
 .text.BSP_USART2_SendChar
                0x08002520       0x30 ./Src/USART.o
                0x08002520                BSP_USART2_SendChar
 .text.BSP_USART2_SendString
                0x08002550       0x2a ./Src/USART.o
                0x08002550                BSP_USART2_SendString
 *fill*         0x0800257a        0x2 
 .text.BSP_led_init
                0x0800257c       0x2c ./Src/display_driver.o
                0x0800257c                BSP_led_init
 .text.Display_Update
                0x080025a8       0x80 ./Src/display_driver.o
                0x080025a8                Display_Update
 .text.main     0x08002628       0xd8 ./Src/main.o
                0x08002628                main
 .text.vSensorTask
                0x08002700       0x64 ./Src/main.o
                0x08002700                vSensorTask
 .text.vDisplayTask
                0x08002764       0x34 ./Src/main.o
                0x08002764                vDisplayTask
 .text.vCommTask
                0x08002798       0x68 ./Src/main.o
                0x08002798                vCommTask
 .text.Reset_Handler
                0x08002800       0x50 ./Startup/startup_stm32f407vgtx.o
                0x08002800                Reset_Handler
 .text.Default_Handler
                0x08002850        0x2 ./Startup/startup_stm32f407vgtx.o
                0x08002850                RTC_Alarm_IRQHandler
                0x08002850                HASH_RNG_IRQHandler
                0x08002850                EXTI2_IRQHandler
                0x08002850                TIM8_CC_IRQHandler
                0x08002850                DebugMon_Handler
                0x08002850                TIM1_CC_IRQHandler
                0x08002850                DMA2_Stream5_IRQHandler
                0x08002850                HardFault_Handler
                0x08002850                DMA1_Stream5_IRQHandler
                0x08002850                PVD_IRQHandler
                0x08002850                SDIO_IRQHandler
                0x08002850                TAMP_STAMP_IRQHandler
                0x08002850                NMI_Handler
                0x08002850                CAN2_RX1_IRQHandler
                0x08002850                EXTI3_IRQHandler
                0x08002850                TIM8_TRG_COM_TIM14_IRQHandler
                0x08002850                TIM1_UP_TIM10_IRQHandler
                0x08002850                TIM8_UP_TIM13_IRQHandler
                0x08002850                I2C3_ER_IRQHandler
                0x08002850                EXTI0_IRQHandler
                0x08002850                I2C2_EV_IRQHandler
                0x08002850                DMA1_Stream2_IRQHandler
                0x08002850                CAN1_RX0_IRQHandler
                0x08002850                FPU_IRQHandler
                0x08002850                OTG_HS_WKUP_IRQHandler
                0x08002850                UsageFault_Handler
                0x08002850                CAN2_SCE_IRQHandler
                0x08002850                DMA2_Stream2_IRQHandler
                0x08002850                SPI1_IRQHandler
                0x08002850                TIM6_DAC_IRQHandler
                0x08002850                TIM1_BRK_TIM9_IRQHandler
                0x08002850                DCMI_IRQHandler
                0x08002850                CAN2_RX0_IRQHandler
                0x08002850                DMA2_Stream3_IRQHandler
                0x08002850                USART6_IRQHandler
                0x08002850                USART3_IRQHandler
                0x08002850                CRYP_IRQHandler
                0x08002850                CAN1_RX1_IRQHandler
                0x08002850                UART5_IRQHandler
                0x08002850                DMA2_Stream0_IRQHandler
                0x08002850                TIM4_IRQHandler
                0x08002850                I2C1_EV_IRQHandler
                0x08002850                DMA1_Stream6_IRQHandler
                0x08002850                DMA1_Stream1_IRQHandler
                0x08002850                UART4_IRQHandler
                0x08002850                TIM3_IRQHandler
                0x08002850                RCC_IRQHandler
                0x08002850                TIM8_BRK_TIM12_IRQHandler
                0x08002850                Default_Handler
                0x08002850                EXTI15_10_IRQHandler
                0x08002850                ADC_IRQHandler
                0x08002850                DMA1_Stream7_IRQHandler
                0x08002850                TIM7_IRQHandler
                0x08002850                CAN2_TX_IRQHandler
                0x08002850                TIM5_IRQHandler
                0x08002850                DMA2_Stream7_IRQHandler
                0x08002850                I2C3_EV_IRQHandler
                0x08002850                EXTI9_5_IRQHandler
                0x08002850                RTC_WKUP_IRQHandler
                0x08002850                ETH_WKUP_IRQHandler
                0x08002850                SPI2_IRQHandler
                0x08002850                OTG_HS_EP1_IN_IRQHandler
                0x08002850                MemManage_Handler
                0x08002850                DMA1_Stream0_IRQHandler
                0x08002850                CAN1_TX_IRQHandler
                0x08002850                EXTI4_IRQHandler
                0x08002850                FSMC_IRQHandler
                0x08002850                ETH_IRQHandler
                0x08002850                OTG_HS_EP1_OUT_IRQHandler
                0x08002850                WWDG_IRQHandler
                0x08002850                TIM2_IRQHandler
                0x08002850                OTG_FS_WKUP_IRQHandler
                0x08002850                TIM1_TRG_COM_TIM11_IRQHandler
                0x08002850                OTG_HS_IRQHandler
                0x08002850                EXTI1_IRQHandler
                0x08002850                USART2_IRQHandler
                0x08002850                I2C2_ER_IRQHandler
                0x08002850                DMA2_Stream1_IRQHandler
                0x08002850                CAN1_SCE_IRQHandler
                0x08002850                DMA2_Stream4_IRQHandler
                0x08002850                BusFault_Handler
                0x08002850                USART1_IRQHandler
                0x08002850                OTG_FS_IRQHandler
                0x08002850                SPI3_IRQHandler
                0x08002850                DMA1_Stream4_IRQHandler
                0x08002850                I2C1_ER_IRQHandler
                0x08002850                DMA2_Stream6_IRQHandler
                0x08002850                DMA1_Stream3_IRQHandler
 .text.memset   0x08002852       0x10 C:/ST/STM32CubeIDE_2.1.1/STM32CubeIDE/plugins/com.st.stm32cube.ide.mcu.externaltools.gnu-tools-for-stm32.14.3.rel1.win32_1.0.100.202602081740/tools/bin/../lib/gcc/arm-none-eabi/14.3.1/../../../../arm-none-eabi/lib/thumb/v7e-m+fp/hard\libc_nano.a(libc_a-memset.o)
                0x08002852                memset
 *fill*         0x08002862        0x2 
 .text.__libc_init_array
                0x08002864       0x48 C:/ST/STM32CubeIDE_2.1.1/STM32CubeIDE/plugins/com.st.stm32cube.ide.mcu.externaltools.gnu-tools-for-stm32.14.3.rel1.win32_1.0.100.202602081740/tools/bin/../lib/gcc/arm-none-eabi/14.3.1/../../../../arm-none-eabi/lib/thumb/v7e-m+fp/hard\libc_nano.a(libc_a-init.o)
                0x08002864                __libc_init_array
 .text.memcpy   0x080028ac       0x1c C:/ST/STM32CubeIDE_2.1.1/STM32CubeIDE/plugins/com.st.stm32cube.ide.mcu.externaltools.gnu-tools-for-stm32.14.3.rel1.win32_1.0.100.202602081740/tools/bin/../lib/gcc/arm-none-eabi/14.3.1/../../../../arm-none-eabi/lib/thumb/v7e-m+fp/hard\libc_nano.a(libc_a-memcpy-stub.o)
                0x080028ac                memcpy
 *(.glue_7)
 .glue_7        0x080028c8        0x0 linker stubs
 *(.glue_7t)
 .glue_7t       0x080028c8        0x0 linker stubs
 *(.eh_frame)
 .eh_frame      0x080028c8        0x0 C:/ST/STM32CubeIDE_2.1.1/STM32CubeIDE/plugins/com.st.stm32cube.ide.mcu.externaltools.gnu-tools-for-stm32.14.3.rel1.win32_1.0.100.202602081740/tools/bin/../lib/gcc/arm-none-eabi/14.3.1/thumb/v7e-m+fp/hard/crtbegin.o
 *(.init)
 .init          0x080028c8        0x4 C:/ST/STM32CubeIDE_2.1.1/STM32CubeIDE/plugins/com.st.stm32cube.ide.mcu.externaltools.gnu-tools-for-stm32.14.3.rel1.win32_1.0.100.202602081740/tools/bin/../lib/gcc/arm-none-eabi/14.3.1/thumb/v7e-m+fp/hard/crti.o
                0x080028c8                _init
 .init          0x080028cc        0x8 C:/ST/STM32CubeIDE_2.1.1/STM32CubeIDE/plugins/com.st.stm32cube.ide.mcu.externaltools.gnu-tools-for-stm32.14.3.rel1.win32_1.0.100.202602081740/tools/bin/../lib/gcc/arm-none-eabi/14.3.1/thumb/v7e-m+fp/hard/crtn.o
 *(.fini)
 .fini          0x080028d4        0x4 C:/ST/STM32CubeIDE_2.1.1/STM32CubeIDE/plugins/com.st.stm32cube.ide.mcu.externaltools.gnu-tools-for-stm32.14.3.rel1.win32_1.0.100.202602081740/tools/bin/../lib/gcc/arm-none-eabi/14.3.1/thumb/v7e-m+fp/hard/crti.o
                0x080028d4                _fini
 .fini          0x080028d8        0x8 C:/ST/STM32CubeIDE_2.1.1/STM32CubeIDE/plugins/com.st.stm32cube.ide.mcu.externaltools.gnu-tools-for-stm32.14.3.rel1.win32_1.0.100.202602081740/tools/bin/../lib/gcc/arm-none-eabi/14.3.1/thumb/v7e-m+fp/hard/crtn.o
                0x080028e0                        . = ALIGN (0x4)
                0x080028e0                        _etext = .

.vfp11_veneer   0x080028e0        0x0
 .vfp11_veneer  0x080028e0        0x0 linker stubs

.v4_bx          0x080028e0        0x0
 .v4_bx         0x080028e0        0x0 linker stubs

.iplt           0x080028e0        0x0
 .iplt          0x080028e0        0x0 C:/ST/STM32CubeIDE_2.1.1/STM32CubeIDE/plugins/com.st.stm32cube.ide.mcu.externaltools.gnu-tools-for-stm32.14.3.rel1.win32_1.0.100.202602081740/tools/bin/../lib/gcc/arm-none-eabi/14.3.1/thumb/v7e-m+fp/hard/crtbegin.o

.rodata         0x080028e0       0x90
                0x080028e0                        . = ALIGN (0x4)
 *(.rodata)
 .rodata        0x080028e0        0x5 ./Src/FreeRTOS_Build.o
 *fill*         0x080028e5        0x3 
 .rodata        0x080028e8       0x83 ./Src/main.o
 *(.rodata*)
 *fill*         0x0800296b        0x1 
 .rodata.uxTopUsedPriority
                0x0800296c        0x4 ./Src/FreeRTOS_Build.o
                0x08002970                        . = ALIGN (0x4)

.ARM.extab      0x08002970        0x0
                0x08002970                        . = ALIGN (0x4)
 *(.ARM.extab* .gnu.linkonce.armextab.*)
                0x08002970                        . = ALIGN (0x4)

.ARM            0x08002970        0x0
                0x08002970                        . = ALIGN (0x4)
                0x08002970                        __exidx_start = .
 *(.ARM.exidx*)
                0x08002970                        __exidx_end = .
                0x08002970                        . = ALIGN (0x4)

.preinit_array  0x08002970        0x0
                0x08002970                        . = ALIGN (0x4)
                0x08002970                        PROVIDE (__preinit_array_start = .)
 *(.preinit_array*)
                0x08002970                        PROVIDE (__preinit_array_end = .)
                0x08002970                        . = ALIGN (0x4)

.init_array     0x08002970        0x4
                0x08002970                        . = ALIGN (0x4)
                0x08002970                        PROVIDE (__init_array_start = .)
 *(SORT_BY_NAME(.init_array.*))
 *(.init_array*)
 .init_array    0x08002970        0x4 C:/ST/STM32CubeIDE_2.1.1/STM32CubeIDE/plugins/com.st.stm32cube.ide.mcu.externaltools.gnu-tools-for-stm32.14.3.rel1.win32_1.0.100.202602081740/tools/bin/../lib/gcc/arm-none-eabi/14.3.1/thumb/v7e-m+fp/hard/crtbegin.o
                0x08002974                        PROVIDE (__init_array_end = .)
                0x08002974                        . = ALIGN (0x4)

.fini_array     0x08002974        0x4
                0x08002974                        . = ALIGN (0x4)
                [!provide]                        PROVIDE (__fini_array_start = .)
 *(SORT_BY_NAME(.fini_array.*))
 *(.fini_array*)
 .fini_array    0x08002974        0x4 C:/ST/STM32CubeIDE_2.1.1/STM32CubeIDE/plugins/com.st.stm32cube.ide.mcu.externaltools.gnu-tools-for-stm32.14.3.rel1.win32_1.0.100.202602081740/tools/bin/../lib/gcc/arm-none-eabi/14.3.1/thumb/v7e-m+fp/hard/crtbegin.o
                [!provide]                        PROVIDE (__fini_array_end = .)
                0x08002978                        . = ALIGN (0x4)
                0x08002978                        _sidata = LOADADDR (.data)

.rel.dyn        0x08002978        0x0
 .rel.iplt      0x08002978        0x0 C:/ST/STM32CubeIDE_2.1.1/STM32CubeIDE/plugins/com.st.stm32cube.ide.mcu.externaltools.gnu-tools-for-stm32.14.3.rel1.win32_1.0.100.202602081740/tools/bin/../lib/gcc/arm-none-eabi/14.3.1/thumb/v7e-m+fp/hard/crtbegin.o

.data           0x20000000        0x4 load address 0x08002978
                0x20000000                        . = ALIGN (0x4)
                0x20000000                        _sdata = .
 *(.data)
 *(.data*)
 .data.uxCriticalNesting
                0x20000000        0x4 ./Src/FreeRTOS_Build.o
 *(.RamFunc)
 *(.RamFunc*)
                0x20000004                        . = ALIGN (0x4)
                0x20000004                        _edata = .
                0x0800297c                        _siccmram = LOADADDR (.ccmram)

.igot.plt       0x20000004        0x0 load address 0x0800297c
 .igot.plt      0x20000004        0x0 C:/ST/STM32CubeIDE_2.1.1/STM32CubeIDE/plugins/com.st.stm32cube.ide.mcu.externaltools.gnu-tools-for-stm32.14.3.rel1.win32_1.0.100.202602081740/tools/bin/../lib/gcc/arm-none-eabi/14.3.1/thumb/v7e-m+fp/hard/crtbegin.o

.ccmram         0x10000000        0x0 load address 0x0800297c
                0x10000000                        . = ALIGN (0x4)
                0x10000000                        _sccmram = .
 *(.ccmram)
 *(.ccmram*)
                0x10000000                        . = ALIGN (0x4)
                0x10000000                        _eccmram = .
                0x10000000                        . = ALIGN (0x4)

.bss            0x20000004     0x291c
                0x20000004                        _sbss = .
                0x20000004                        __bss_start__ = _sbss
 *(.bss)
 .bss           0x20000004       0x1c C:/ST/STM32CubeIDE_2.1.1/STM32CubeIDE/plugins/com.st.stm32cube.ide.mcu.externaltools.gnu-tools-for-stm32.14.3.rel1.win32_1.0.100.202602081740/tools/bin/../lib/gcc/arm-none-eabi/14.3.1/thumb/v7e-m+fp/hard/crtbegin.o
 *(.bss*)
 .bss.pxCurrentTCB
                0x20000020        0x4 ./Src/FreeRTOS_Build.o
                0x20000020                pxCurrentTCB
 .bss.pxReadyTasksLists
                0x20000024       0x64 ./Src/FreeRTOS_Build.o
 .bss.xDelayedTaskList1
                0x20000088       0x14 ./Src/FreeRTOS_Build.o
 .bss.xDelayedTaskList2
                0x2000009c       0x14 ./Src/FreeRTOS_Build.o
 .bss.pxDelayedTaskList
                0x200000b0        0x4 ./Src/FreeRTOS_Build.o
 .bss.pxOverflowDelayedTaskList
                0x200000b4        0x4 ./Src/FreeRTOS_Build.o
 .bss.xPendingReadyList
                0x200000b8       0x14 ./Src/FreeRTOS_Build.o
 .bss.uxCurrentNumberOfTasks
                0x200000cc        0x4 ./Src/FreeRTOS_Build.o
 .bss.xTickCount
                0x200000d0        0x4 ./Src/FreeRTOS_Build.o
 .bss.uxTopReadyPriority
                0x200000d4        0x4 ./Src/FreeRTOS_Build.o
 .bss.xSchedulerRunning
                0x200000d8        0x4 ./Src/FreeRTOS_Build.o
 .bss.xPendedTicks
                0x200000dc        0x4 ./Src/FreeRTOS_Build.o
 .bss.xYieldPendings
                0x200000e0        0x4 ./Src/FreeRTOS_Build.o
 .bss.xNumOfOverflows
                0x200000e4        0x4 ./Src/FreeRTOS_Build.o
 .bss.uxTaskNumber
                0x200000e8        0x4 ./Src/FreeRTOS_Build.o
 .bss.xNextTaskUnblockTime
                0x200000ec        0x4 ./Src/FreeRTOS_Build.o
 .bss.xIdleTaskHandles
                0x200000f0        0x4 ./Src/FreeRTOS_Build.o
 .bss.uxSchedulerSuspended
                0x200000f4        0x4 ./Src/FreeRTOS_Build.o
 .bss.ucHeap    0x200000f8     0x2800 ./Src/FreeRTOS_Build.o
 .bss.xStart    0x200028f8        0x8 ./Src/FreeRTOS_Build.o
 .bss.pxEnd     0x20002900        0x4 ./Src/FreeRTOS_Build.o
 .bss.xFreeBytesRemaining
                0x20002904        0x4 ./Src/FreeRTOS_Build.o
 .bss.xMinimumEverFreeBytesRemaining
                0x20002908        0x4 ./Src/FreeRTOS_Build.o
 .bss.xNumberOfSuccessfulAllocations
                0x2000290c        0x4 ./Src/FreeRTOS_Build.o
 .bss.xNumberOfSuccessfulFrees
                0x20002910        0x4 ./Src/FreeRTOS_Build.o
 .bss.xDisplayQueue
                0x20002914        0x4 ./Src/main.o
                0x20002914                xDisplayQueue
 .bss.xCommQueue
                0x20002918        0x4 ./Src/main.o
                0x20002918                xCommQueue
 .bss.xUartMutex
                0x2000291c        0x4 ./Src/main.o
                0x2000291c                xUartMutex
 *(COMMON)
                0x20002920                        . = ALIGN (0x4)
                0x20002920                        _ebss = .
                0x20002920                        __bss_end__ = _ebss

._user_heap_stack
                0x20002920      0x600
                0x20002920                        . = ALIGN (0x8)
                [!provide]                        PROVIDE (end = .)
                0x20002920                        PROVIDE (_end = .)
                0x20002b20                        . = (. + _Min_Heap_Size)
 *fill*         0x20002920      0x200 
                0x20002f20                        . = (. + _Min_Stack_Size)
 *fill*         0x20002b20      0x400 
                0x20002f20                        . = ALIGN (0x8)

/DISCARD/
 libc.a(*)
 libm.a(*)
 libgcc.a(*)

.ARM.attributes
                0x00000000       0x30
 *(.ARM.attributes)
 .ARM.attributes
                0x00000000       0x22 C:/ST/STM32CubeIDE_2.1.1/STM32CubeIDE/plugins/com.st.stm32cube.ide.mcu.externaltools.gnu-tools-for-stm32.14.3.rel1.win32_1.0.100.202602081740/tools/bin/../lib/gcc/arm-none-eabi/14.3.1/thumb/v7e-m+fp/hard/crti.o
 .ARM.attributes
                0x00000022       0x34 C:/ST/STM32CubeIDE_2.1.1/STM32CubeIDE/plugins/com.st.stm32cube.ide.mcu.externaltools.gnu-tools-for-stm32.14.3.rel1.win32_1.0.100.202602081740/tools/bin/../lib/gcc/arm-none-eabi/14.3.1/thumb/v7e-m+fp/hard/crtbegin.o
 .ARM.attributes
                0x00000056       0x34 ./Src/FreeRTOS_Build.o
 .ARM.attributes
                0x0000008a       0x34 ./Src/Sensor_Interface.o
 .ARM.attributes
                0x000000be       0x34 ./Src/USART.o
 .ARM.attributes
                0x000000f2       0x34 ./Src/display_driver.o
 .ARM.attributes
                0x00000126       0x34 ./Src/main.o
 .ARM.attributes
                0x0000015a       0x21 ./Startup/startup_stm32f407vgtx.o
 .ARM.attributes
                0x0000017b       0x34 C:/ST/STM32CubeIDE_2.1.1/STM32CubeIDE/plugins/com.st.stm32cube.ide.mcu.externaltools.gnu-tools-for-stm32.14.3.rel1.win32_1.0.100.202602081740/tools/bin/../lib/gcc/arm-none-eabi/14.3.1/../../../../arm-none-eabi/lib/thumb/v7e-m+fp/hard\libc_nano.a(libc_a-memset.o)
 .ARM.attributes
                0x000001af       0x34 C:/ST/STM32CubeIDE_2.1.1/STM32CubeIDE/plugins/com.st.stm32cube.ide.mcu.externaltools.gnu-tools-for-stm32.14.3.rel1.win32_1.0.100.202602081740/tools/bin/../lib/gcc/arm-none-eabi/14.3.1/../../../../arm-none-eabi/lib/thumb/v7e-m+fp/hard\libc_nano.a(libc_a-init.o)
 .ARM.attributes
                0x000001e3       0x34 C:/ST/STM32CubeIDE_2.1.1/STM32CubeIDE/plugins/com.st.stm32cube.ide.mcu.externaltools.gnu-tools-for-stm32.14.3.rel1.win32_1.0.100.202602081740/tools/bin/../lib/gcc/arm-none-eabi/14.3.1/../../../../arm-none-eabi/lib/thumb/v7e-m+fp/hard\libc_nano.a(libc_a-memcpy-stub.o)
 .ARM.attributes
                0x00000217       0x22 C:/ST/STM32CubeIDE_2.1.1/STM32CubeIDE/plugins/com.st.stm32cube.ide.mcu.externaltools.gnu-tools-for-stm32.14.3.rel1.win32_1.0.100.202602081740/tools/bin/../lib/gcc/arm-none-eabi/14.3.1/thumb/v7e-m+fp/hard/crtn.o
OUTPUT(Multi-Threaded-Embedded-Task-Scheduler.elf elf32-littlearm)
LOAD linker stubs
LOAD C:/ST/STM32CubeIDE_2.1.1/STM32CubeIDE/plugins/com.st.stm32cube.ide.mcu.externaltools.gnu-tools-for-stm32.14.3.rel1.win32_1.0.100.202602081740/tools/bin/../lib/gcc/arm-none-eabi/14.3.1/../../../../arm-none-eabi/lib/thumb/v7e-m+fp/hard\libc.a
LOAD C:/ST/STM32CubeIDE_2.1.1/STM32CubeIDE/plugins/com.st.stm32cube.ide.mcu.externaltools.gnu-tools-for-stm32.14.3.rel1.win32_1.0.100.202602081740/tools/bin/../lib/gcc/arm-none-eabi/14.3.1/../../../../arm-none-eabi/lib/thumb/v7e-m+fp/hard\libm.a
LOAD C:/ST/STM32CubeIDE_2.1.1/STM32CubeIDE/plugins/com.st.stm32cube.ide.mcu.externaltools.gnu-tools-for-stm32.14.3.rel1.win32_1.0.100.202602081740/tools/bin/../lib/gcc/arm-none-eabi/14.3.1/thumb/v7e-m+fp/hard\libgcc.a

.debug_info     0x00000000     0x3ada
 .debug_info    0x00000000     0x2d14 ./Src/FreeRTOS_Build.o
 .debug_info    0x00002d14      0x515 ./Src/Sensor_Interface.o
 .debug_info    0x00003229      0x29a ./Src/USART.o
 .debug_info    0x000034c3      0x1d2 ./Src/display_driver.o
 .debug_info    0x00003695      0x415 ./Src/main.o
 .debug_info    0x00003aaa       0x30 ./Startup/startup_stm32f407vgtx.o

.debug_abbrev   0x00000000      0x94a
 .debug_abbrev  0x00000000      0x445 ./Src/FreeRTOS_Build.o
 .debug_abbrev  0x00000445      0x1a8 ./Src/Sensor_Interface.o
 .debug_abbrev  0x000005ed       0xe1 ./Src/USART.o
 .debug_abbrev  0x000006ce       0xbd ./Src/display_driver.o
 .debug_abbrev  0x0000078b      0x19b ./Src/main.o
 .debug_abbrev  0x00000926       0x24 ./Startup/startup_stm32f407vgtx.o

.debug_aranges  0x00000000      0x458
 .debug_aranges
                0x00000000      0x338 ./Src/FreeRTOS_Build.o
 .debug_aranges
                0x00000338       0x68 ./Src/Sensor_Interface.o
 .debug_aranges
                0x000003a0       0x30 ./Src/USART.o
 .debug_aranges
                0x000003d0       0x28 ./Src/display_driver.o
 .debug_aranges
                0x000003f8       0x38 ./Src/main.o
 .debug_aranges
                0x00000430       0x28 ./Startup/startup_stm32f407vgtx.o

.debug_rnglists
                0x00000000      0x349
 .debug_rnglists
                0x00000000      0x286 ./Src/FreeRTOS_Build.o
 .debug_rnglists
                0x00000286       0x4b ./Src/Sensor_Interface.o
 .debug_rnglists
                0x000002d1       0x1f ./Src/USART.o
 .debug_rnglists
                0x000002f0       0x1a ./Src/display_driver.o
 .debug_rnglists
                0x0000030a       0x26 ./Src/main.o
 .debug_rnglists
                0x00000330       0x19 ./Startup/startup_stm32f407vgtx.o

.debug_macro    0x00000000     0x42bb
 .debug_macro   0x00000000      0x23e ./Src/FreeRTOS_Build.o
 .debug_macro   0x0000023e      0xae4 ./Src/FreeRTOS_Build.o
 .debug_macro   0x00000d22       0x2a ./Src/FreeRTOS_Build.o
 .debug_macro   0x00000d4c       0x22 ./Src/FreeRTOS_Build.o
 .debug_macro   0x00000d6e       0x5b ./Src/FreeRTOS_Build.o
 .debug_macro   0x00000dc9       0x94 ./Src/FreeRTOS_Build.o
 .debug_macro   0x00000e5d       0x43 ./Src/FreeRTOS_Build.o
 .debug_macro   0x00000ea0       0x34 ./Src/FreeRTOS_Build.o
 .debug_macro   0x00000ed4       0x16 ./Src/FreeRTOS_Build.o
 .debug_macro   0x00000eea      0x11c ./Src/FreeRTOS_Build.o
 .debug_macro   0x00001006       0x9b ./Src/FreeRTOS_Build.o
 .debug_macro   0x000010a1       0x57 ./Src/FreeRTOS_Build.o
 .debug_macro   0x000010f8      0x364 ./Src/FreeRTOS_Build.o
 .debug_macro   0x0000145c       0x16 ./Src/FreeRTOS_Build.o
 .debug_macro   0x00001472       0x4a ./Src/FreeRTOS_Build.o
 .debug_macro   0x000014bc       0x34 ./Src/FreeRTOS_Build.o
 .debug_macro   0x000014f0       0x10 ./Src/FreeRTOS_Build.o
 .debug_macro   0x00001500       0x58 ./Src/FreeRTOS_Build.o
 .debug_macro   0x00001558       0x8e ./Src/FreeRTOS_Build.o
 .debug_macro   0x000015e6       0x1c ./Src/FreeRTOS_Build.o
 .debug_macro   0x00001602      0x17e ./Src/FreeRTOS_Build.o
 .debug_macro   0x00001780       0x16 ./Src/FreeRTOS_Build.o
 .debug_macro   0x00001796       0x29 ./Src/FreeRTOS_Build.o
 .debug_macro   0x000017bf      0x103 ./Src/FreeRTOS_Build.o
 .debug_macro   0x000018c2       0x6a ./Src/FreeRTOS_Build.o
 .debug_macro   0x0000192c      0x1df ./Src/FreeRTOS_Build.o
 .debug_macro   0x00001b0b       0x16 ./Src/FreeRTOS_Build.o
 .debug_macro   0x00001b21       0xb2 ./Src/FreeRTOS_Build.o
 .debug_macro   0x00001bd3       0x34 ./Src/FreeRTOS_Build.o
 .debug_macro   0x00001c07      0x182 ./Src/FreeRTOS_Build.o
 .debug_macro   0x00001d89       0xe7 ./Src/FreeRTOS_Build.o
 .debug_macro   0x00001e70       0x3a ./Src/FreeRTOS_Build.o
 .debug_macro   0x00001eaa       0x1f ./Src/FreeRTOS_Build.o
 .debug_macro   0x00001ec9       0x12 ./Src/FreeRTOS_Build.o
 .debug_macro   0x00001edb     0x113d ./Src/FreeRTOS_Build.o
 .debug_macro   0x00003018       0xc3 ./Src/FreeRTOS_Build.o
 .debug_macro   0x000030db       0x16 ./Src/FreeRTOS_Build.o
 .debug_macro   0x000030f1       0x3c ./Src/FreeRTOS_Build.o
 .debug_macro   0x0000312d       0x20 ./Src/FreeRTOS_Build.o
 .debug_macro   0x0000314d      0x161 ./Src/FreeRTOS_Build.o
 .debug_macro   0x000032ae       0x80 ./Src/FreeRTOS_Build.o
 .debug_macro   0x0000332e       0x4f ./Src/FreeRTOS_Build.o
 .debug_macro   0x0000337d       0x9e ./Src/FreeRTOS_Build.o
 .debug_macro   0x0000341b       0x17 ./Src/FreeRTOS_Build.o
 .debug_macro   0x00003432       0xd3 ./Src/FreeRTOS_Build.o
 .debug_macro   0x00003505       0xd0 ./Src/FreeRTOS_Build.o
 .debug_macro   0x000035d5       0x66 ./Src/FreeRTOS_Build.o
 .debug_macro   0x0000363b      0x206 ./Src/Sensor_Interface.o
 .debug_macro   0x00003841       0x16 ./Src/Sensor_Interface.o
 .debug_macro   0x00003857       0x9e ./Src/Sensor_Interface.o
 .debug_macro   0x000038f5      0x112 ./Src/Sensor_Interface.o
 .debug_macro   0x00003a07       0x10 ./Src/Sensor_Interface.o
 .debug_macro   0x00003a17       0x16 ./Src/Sensor_Interface.o
 .debug_macro   0x00003a2d       0x16 ./Src/Sensor_Interface.o
 .debug_macro   0x00003a43      0x146 ./Src/Sensor_Interface.o
 .debug_macro   0x00003b89       0x28 ./Src/Sensor_Interface.o
 .debug_macro   0x00003bb1       0xd3 ./Src/USART.o
 .debug_macro   0x00003c84       0x8e ./Src/USART.o
 .debug_macro   0x00003d12       0x51 ./Src/USART.o
 .debug_macro   0x00003d63       0x10 ./Src/USART.o
 .debug_macro   0x00003d73       0x2e ./Src/USART.o
 .debug_macro   0x00003da1      0x177 ./Src/display_driver.o
 .debug_macro   0x00003f18       0x10 ./Src/display_driver.o
 .debug_macro   0x00003f28      0x12f ./Src/main.o
 .debug_macro   0x00004057       0x16 ./Src/main.o
 .debug_macro   0x0000406d       0x16 ./Src/main.o
 .debug_macro   0x00004083      0x190 ./Src/main.o
 .debug_macro   0x00004213       0x46 ./Src/main.o
 .debug_macro   0x00004259       0x62 ./Src/main.o

.debug_line     0x00000000     0x4055
 .debug_line    0x00000000     0x252a ./Src/FreeRTOS_Build.o
 .debug_line    0x0000252a      0x977 ./Src/Sensor_Interface.o
 .debug_line    0x00002ea1      0x4b3 ./Src/USART.o
 .debug_line    0x00003354      0x5f2 ./Src/display_driver.o
 .debug_line    0x00003946      0x694 ./Src/main.o
 .debug_line    0x00003fda       0x7b ./Startup/startup_stm32f407vgtx.o

.debug_str      0x00000000    0x16f7e
 .debug_str     0x00000000    0x16f7e ./Src/FreeRTOS_Build.o
                              0x15ec3 (size before relaxing)
 .debug_str     0x00016f7e    0x1285b ./Src/Sensor_Interface.o
 .debug_str     0x00016f7e     0x4167 ./Src/USART.o
 .debug_str     0x00016f7e     0x7a0c ./Src/display_driver.o
 .debug_str     0x00016f7e     0xfdb1 ./Src/main.o
 .debug_str     0x00016f7e       0x86 ./Startup/startup_stm32f407vgtx.o

.comment        0x00000000       0x43
 .comment       0x00000000       0x43 ./Src/FreeRTOS_Build.o
                                 0x44 (size before relaxing)
 .comment       0x00000043       0x44 ./Src/Sensor_Interface.o
 .comment       0x00000043       0x44 ./Src/USART.o
 .comment       0x00000043       0x44 ./Src/display_driver.o
 .comment       0x00000043       0x44 ./Src/main.o

.debug_frame    0x00000000     0x1094
 .debug_frame   0x00000000      0xd84 ./Src/FreeRTOS_Build.o
 .debug_frame   0x00000d84      0x148 ./Src/Sensor_Interface.o
 .debug_frame   0x00000ecc       0x74 ./Src/USART.o
 .debug_frame   0x00000f40       0x50 ./Src/display_driver.o
 .debug_frame   0x00000f90       0x90 ./Src/main.o
 .debug_frame   0x00001020       0x20 C:/ST/STM32CubeIDE_2.1.1/STM32CubeIDE/plugins/com.st.stm32cube.ide.mcu.externaltools.gnu-tools-for-stm32.14.3.rel1.win32_1.0.100.202602081740/tools/bin/../lib/gcc/arm-none-eabi/14.3.1/../../../../arm-none-eabi/lib/thumb/v7e-m+fp/hard\libc_nano.a(libc_a-memset.o)
 .debug_frame   0x00001040       0x2c C:/ST/STM32CubeIDE_2.1.1/STM32CubeIDE/plugins/com.st.stm32cube.ide.mcu.externaltools.gnu-tools-for-stm32.14.3.rel1.win32_1.0.100.202602081740/tools/bin/../lib/gcc/arm-none-eabi/14.3.1/../../../../arm-none-eabi/lib/thumb/v7e-m+fp/hard\libc_nano.a(libc_a-init.o)
 .debug_frame   0x0000106c       0x28 C:/ST/STM32CubeIDE_2.1.1/STM32CubeIDE/plugins/com.st.stm32cube.ide.mcu.externaltools.gnu-tools-for-stm32.14.3.rel1.win32_1.0.100.202602081740/tools/bin/../lib/gcc/arm-none-eabi/14.3.1/../../../../arm-none-eabi/lib/thumb/v7e-m+fp/hard\libc_nano.a(libc_a-memcpy-stub.o)

.debug_line_str
                0x00000000       0x6a
 .debug_line_str
                0x00000000       0x6a ./Startup/startup_stm32f407vgtx.o
