../Src/../FreeRTOS-Kernel/list.c:49:6:vListInitialise	16	static
../Src/../FreeRTOS-Kernel/list.c:89:6:vListInitialiseItem	16	static
../Src/../FreeRTOS-Kernel/list.c:105:6:vListInsertEnd	24	static
../Src/../FreeRTOS-Kernel/list.c:139:6:vListInsert	24	static
../Src/../FreeRTOS-Kernel/list.c:217:13:uxListRemove	24	static
../Src/../FreeRTOS-Kernel/queue.c:303:12:xQueueGenericReset	24	static,ignoring_inline_asm
../Src/../FreeRTOS-Kernel/queue.c:502:19:xQueueGenericCreate	48	static
../Src/../FreeRTOS-Kernel/queue.c:569:13:prvInitialiseNewQueue	24	static
../Src/../FreeRTOS-Kernel/queue.c:617:17:prvInitialiseMutex	16	static
../Src/../FreeRTOS-Kernel/queue.c:647:19:xQueueCreateMutex	32	static
../Src/../FreeRTOS-Kernel/queue.c:912:19:xQueueCreateCountingSemaphore	24	static
../Src/../FreeRTOS-Kernel/queue.c:949:12:xQueueGenericSend	48	static,ignoring_inline_asm
../Src/../FreeRTOS-Kernel/queue.c:1167:12:xQueueGenericSendFromISR	64	static,ignoring_inline_asm
../Src/../FreeRTOS-Kernel/queue.c:1338:12:xQueueGiveFromISR	56	static,ignoring_inline_asm
../Src/../FreeRTOS-Kernel/queue.c:1509:12:xQueueReceive	48	static,ignoring_inline_asm
../Src/../FreeRTOS-Kernel/queue.c:1659:12:xQueueSemaphoreTake	48	static,ignoring_inline_asm
../Src/../FreeRTOS-Kernel/queue.c:1884:12:xQueuePeek	48	static,ignoring_inline_asm
../Src/../FreeRTOS-Kernel/queue.c:2039:12:xQueueReceiveFromISR	64	static,ignoring_inline_asm
../Src/../FreeRTOS-Kernel/queue.c:2139:12:xQueuePeekFromISR	48	static,ignoring_inline_asm
../Src/../FreeRTOS-Kernel/queue.c:2200:13:uxQueueMessagesWaiting	24	static
../Src/../FreeRTOS-Kernel/queue.c:2220:13:uxQueueSpacesAvailable	24	static
../Src/../FreeRTOS-Kernel/queue.c:2241:13:uxQueueMessagesWaitingFromISR	24	static
../Src/../FreeRTOS-Kernel/queue.c:2257:6:vQueueDelete	24	static
../Src/../FreeRTOS-Kernel/queue.c:2346:13:uxQueueGetQueueItemSize	16	static
../Src/../FreeRTOS-Kernel/queue.c:2356:13:uxQueueGetQueueLength	16	static
../Src/../FreeRTOS-Kernel/queue.c:2368:24:prvGetHighestPriorityOfWaitToReceiveList	24	static
../Src/../FreeRTOS-Kernel/queue.c:2393:19:prvCopyDataToQueue	32	static
../Src/../FreeRTOS-Kernel/queue.c:2476:13:prvCopyDataFromQueue	16	static
../Src/../FreeRTOS-Kernel/queue.c:2497:13:prvUnlockQueue	24	static
../Src/../FreeRTOS-Kernel/queue.c:2617:19:prvIsQueueEmpty	24	static
../Src/../FreeRTOS-Kernel/queue.c:2638:12:xQueueIsQueueEmptyFromISR	24	static
../Src/../FreeRTOS-Kernel/queue.c:2662:19:prvIsQueueFull	24	static
../Src/../FreeRTOS-Kernel/queue.c:2683:12:xQueueIsQueueFullFromISR	24	static
../Src/../FreeRTOS-Kernel/tasks.c:1643:20:prvCreateTask	48	static
../Src/../FreeRTOS-Kernel/tasks.c:1741:16:xTaskCreate	40	static
../Src/../FreeRTOS-Kernel/tasks.c:1816:13:prvInitialiseNewTask	32	static
../Src/../FreeRTOS-Kernel/tasks.c:2052:17:prvAddNewTaskToReadyList	24	static,ignoring_inline_asm
../Src/../FreeRTOS-Kernel/tasks.c:2469:10:vTaskDelay	24	static,ignoring_inline_asm
../Src/../FreeRTOS-Kernel/tasks.c:3551:19:prvCreateIdleTasks	48	static
../Src/../FreeRTOS-Kernel/tasks.c:3700:6:vTaskStartScheduler	16	static,ignoring_inline_asm
../Src/../FreeRTOS-Kernel/tasks.c:3805:6:vTaskEndScheduler	16	static,ignoring_inline_asm
../Src/../FreeRTOS-Kernel/tasks.c:3848:6:vTaskSuspendAll	4	static,ignoring_inline_asm
../Src/../FreeRTOS-Kernel/tasks.c:4022:12:xTaskResumeAll	40	static,ignoring_inline_asm
../Src/../FreeRTOS-Kernel/tasks.c:4171:12:xTaskGetTickCount	16	static
../Src/../FreeRTOS-Kernel/tasks.c:4190:12:xTaskGetTickCountFromISR	16	static
../Src/../FreeRTOS-Kernel/tasks.c:4225:13:uxTaskGetNumberOfTasks	4	static
../Src/../FreeRTOS-Kernel/tasks.c:4237:8:pcTaskGetName	24	static
../Src/../FreeRTOS-Kernel/tasks.c:4612:12:xTaskCatchUpTicks	24	static
../Src/../FreeRTOS-Kernel/tasks.c:4736:12:xTaskIncrementTick	40	static
../Src/../FreeRTOS-Kernel/tasks.c:5120:10:vTaskSwitchContext	24	static,ignoring_inline_asm
../Src/../FreeRTOS-Kernel/tasks.c:5307:6:vTaskPlaceOnEventList	16	static
../Src/../FreeRTOS-Kernel/tasks.c:5336:6:vTaskPlaceOnUnorderedEventList	32	static
../Src/../FreeRTOS-Kernel/tasks.c:5405:12:xTaskRemoveFromEventList	40	static
../Src/../FreeRTOS-Kernel/tasks.c:5498:6:vTaskRemoveFromUnorderedEventList	32	static
../Src/../FreeRTOS-Kernel/tasks.c:5570:6:vTaskSetTimeOutState	16	static
../Src/../FreeRTOS-Kernel/tasks.c:5586:6:vTaskInternalSetTimeOutState	16	static
../Src/../FreeRTOS-Kernel/tasks.c:5598:12:xTaskCheckForTimeOut	32	static
../Src/../FreeRTOS-Kernel/tasks.c:5667:6:vTaskMissedYield	4	static
../Src/../FreeRTOS-Kernel/tasks.c:5812:8:prvIdleTask	16	static,ignoring_inline_asm
../Src/../FreeRTOS-Kernel/tasks.c:6078:13:prvInitialiseTaskLists	16	static
../Src/../FreeRTOS-Kernel/tasks.c:6110:13:prvCheckTasksWaitingTermination	4	static
../Src/../FreeRTOS-Kernel/tasks.c:6526:13:prvResetNextTaskUnblockTime	4	static
../Src/../FreeRTOS-Kernel/tasks.c:6550:22:xTaskGetCurrentTaskHandle	16	static
../Src/../FreeRTOS-Kernel/tasks.c:6585:18:xTaskGetCurrentTaskHandleForCore	24	static
../Src/../FreeRTOS-Kernel/tasks.c:6650:16:xTaskPriorityInherit	32	static
../Src/../FreeRTOS-Kernel/tasks.c:6753:16:xTaskPriorityDisinherit	32	static
../Src/../FreeRTOS-Kernel/tasks.c:6847:10:vTaskPriorityDisinheritAfterTimeout	40	static
../Src/../FreeRTOS-Kernel/tasks.c:7657:12:uxTaskResetEventItemValue	16	static
../Src/../FreeRTOS-Kernel/tasks.c:7677:18:pvTaskIncrementMutexHeldCount	16	static
../Src/../FreeRTOS-Kernel/tasks.c:7702:14:ulTaskGenericNotifyTake	40	static,ignoring_inline_asm
../Src/../FreeRTOS-Kernel/tasks.c:7804:16:xTaskGenericNotifyWait	40	static,ignoring_inline_asm
../Src/../FreeRTOS-Kernel/tasks.c:7918:16:xTaskGenericNotify	48	static,ignoring_inline_asm
../Src/../FreeRTOS-Kernel/tasks.c:8038:16:xTaskGenericNotifyFromISR	64	static,ignoring_inline_asm
../Src/../FreeRTOS-Kernel/tasks.c:8220:10:vTaskGenericNotifyGiveFromISR	64	static,ignoring_inline_asm
../Src/../FreeRTOS-Kernel/tasks.c:8352:16:xTaskGenericNotifyStateClear	24	static
../Src/../FreeRTOS-Kernel/tasks.c:8391:14:ulTaskGenericNotifyValueClear	32	static
../Src/../FreeRTOS-Kernel/tasks.c:8590:13:prvAddCurrentTaskToDelayedList	32	static
../Src/../FreeRTOS-Kernel/tasks.c:8821:6:vTaskResetState	16	static
../Src/../FreeRTOS-Kernel/portable/GCC/ARM_CM3/port.c:182:15:pxPortInitialiseStack	24	static
../Src/../FreeRTOS-Kernel/portable/GCC/ARM_CM3/port.c:202:13:prvTaskExitError	16	static,ignoring_inline_asm
../Src/../FreeRTOS-Kernel/portable/GCC/ARM_CM3/port.c:228:6:SVC_Handler	0	static,ignoring_inline_asm
../Src/../FreeRTOS-Kernel/portable/GCC/ARM_CM3/port.c:247:13:prvPortStartFirstTask	0	static,ignoring_inline_asm
../Src/../FreeRTOS-Kernel/portable/GCC/ARM_CM3/port.c:268:12:xPortStartScheduler	16	static
../Src/../FreeRTOS-Kernel/portable/GCC/ARM_CM3/port.c:418:6:vPortEndScheduler	4	static
../Src/../FreeRTOS-Kernel/portable/GCC/ARM_CM3/port.c:426:6:vPortEnterCritical	16	static,ignoring_inline_asm
../Src/../FreeRTOS-Kernel/portable/GCC/ARM_CM3/port.c:443:6:vPortExitCritical	16	static,ignoring_inline_asm
../Src/../FreeRTOS-Kernel/portable/GCC/ARM_CM3/port.c:455:6:PendSV_Handler	0	static,ignoring_inline_asm
../Src/../FreeRTOS-Kernel/portable/GCC/ARM_CM3/port.c:491:6:SysTick_Handler	16	static,ignoring_inline_asm
../Src/../FreeRTOS-Kernel/portable/GCC/ARM_CM3/port.c:743:32:vPortSetupTimerInterrupt	4	static
../Src/../FreeRTOS-Kernel/portable/MemMang/heap_4.c:173:8:pvPortMalloc	40	static
../Src/../FreeRTOS-Kernel/portable/MemMang/heap_4.c:354:6:vPortFree	24	static
../Src/../FreeRTOS-Kernel/portable/MemMang/heap_4.c:413:8:xPortGetFreeHeapSize	4	static
../Src/../FreeRTOS-Kernel/portable/MemMang/heap_4.c:419:8:xPortGetMinimumEverFreeHeapSize	4	static
../Src/../FreeRTOS-Kernel/portable/MemMang/heap_4.c:425:6:xPortResetHeapMinimumEverFreeHeapSize	4	static
../Src/../FreeRTOS-Kernel/portable/MemMang/heap_4.c:431:6:vPortInitialiseBlocks	4	static
../Src/../FreeRTOS-Kernel/portable/MemMang/heap_4.c:437:8:pvPortCalloc	24	static
../Src/../FreeRTOS-Kernel/portable/MemMang/heap_4.c:456:13:prvHeapInit	24	static
../Src/../FreeRTOS-Kernel/portable/MemMang/heap_4.c:504:13:prvInsertBlockIntoFreeList	24	static
../Src/../FreeRTOS-Kernel/portable/MemMang/heap_4.c:572:6:vPortGetHeapStats	32	static
../Src/../FreeRTOS-Kernel/portable/MemMang/heap_4.c:629:6:vPortHeapResetState	4	static
