../Src/Sensor_Interface.c:29:6:BSP_Timer_init	4	static
../Src/Sensor_Interface.c:39:10:BSP_getTick	8	static
../Src/Sensor_Interface.c:43:6:BSP_Delay_ms	24	static
../Src/Sensor_Interface.c:48:6:BSP_init	4	static
../Src/Sensor_Interface.c:53:6:BSP_DTH11_start	8	static
../Src/Sensor_Interface.c:64:6:BSP_TIM2ENABLE	4	static
../Src/Sensor_Interface.c:71:10:BSP_getMicros	4	static
../Src/Sensor_Interface.c:75:10:BSP_DTH11_Response	16	static
../Src/Sensor_Interface.c:96:9:BSP_DTH11_ReadBit	24	static
../Src/Sensor_Interface.c:120:14:BSP_DTH11_ReadData	40	static
