../Src/Sensor_Interface.c:28:6:BSP_Timer_init	4	static
../Src/Sensor_Interface.c:37:6:SysTick_Handler	4	static
../Src/Sensor_Interface.c:40:10:BSP_getTick	4	static
../Src/Sensor_Interface.c:44:6:BSP_Delay_ms	24	static
../Src/Sensor_Interface.c:48:6:BSP_init	4	static
../Src/Sensor_Interface.c:52:6:BSP_DTH11_start	8	static
../Src/Sensor_Interface.c:63:6:BSP_TIM2ENABLE	4	static
../Src/Sensor_Interface.c:70:10:BSP_getMicros	4	static
../Src/Sensor_Interface.c:74:10:BSP_DTH11_Response	16	static
../Src/Sensor_Interface.c:96:9:BSP_DTH11_ReadBit	24	static
../Src/Sensor_Interface.c:120:14:BSP_DTH11_ReadData	40	static
